
> Configure project :app
WARNING: The option setting 'android.builtInKotlin=false' is deprecated.
The current default is 'true'.
It will be removed in version 10.0 of the Android Gradle plugin.
WARNING: The option setting 'android.newDsl=false' is deprecated.
The current default is 'true'.
It will be removed in version 10.0 of the Android Gradle plugin.

> Task :app:checkKotlinGradlePluginConfigurationErrors SKIPPED
> Task :app:preBuild UP-TO-DATE
> Task :app:preDebugBuild UP-TO-DATE
> Task :app:generateDebugBuildConfig
> Task :app:generateDebugResources UP-TO-DATE
> Task :app:packageDebugResources UP-TO-DATE
> Task :app:processDebugNavigationResources UP-TO-DATE
> Task :app:parseDebugLocalResources UP-TO-DATE
> Task :app:generateDebugRFile UP-TO-DATE
> Task :app:javaPreCompileDebug UP-TO-DATE
> Task :app:checkDebugAarMetadata UP-TO-DATE
> Task :app:compileDebugNavigationResources UP-TO-DATE
> Task :app:mapDebugSourceSetPaths UP-TO-DATE
> Task :app:mergeDebugResources UP-TO-DATE
> Task :app:createDebugCompatibleScreenManifests UP-TO-DATE
> Task :app:extractDeepLinksDebug UP-TO-DATE
> Task :app:processDebugMainManifest UP-TO-DATE
> Task :app:processDebugManifest UP-TO-DATE
> Task :app:processDebugManifestForPackage UP-TO-DATE
> Task :app:processDebugResources UP-TO-DATE
> Task :app:preDebugUnitTestBuild UP-TO-DATE
> Task :app:preDebugAndroidTestBuild SKIPPED
> Task :app:javaPreCompileDebugUnitTest
> Task :app:extractProguardFiles
> Task :app:mergeDebugNativeDebugMetadata NO-SOURCE
> Task :app:generateDebugAssets UP-TO-DATE
> Task :app:mergeDebugAssets UP-TO-DATE
> Task :app:compressDebugAssets UP-TO-DATE
> Task :app:desugarDebugFileDependencies UP-TO-DATE
> Task :app:checkDebugDuplicateClasses UP-TO-DATE
> Task :app:mergeExtDexDebug UP-TO-DATE
> Task :app:mergeLibDexDebug UP-TO-DATE
> Task :app:mergeDebugJniLibFolders UP-TO-DATE
> Task :app:mergeDebugNativeLibs UP-TO-DATE
> Task :app:stripDebugDebugSymbols UP-TO-DATE
> Task :app:validateSigningDebug UP-TO-DATE
> Task :app:writeDebugAppMetadata UP-TO-DATE
> Task :app:writeDebugSigningConfigVersions UP-TO-DATE
> Task :app:processDebugAndroidTestManifest
> Task :app:generateDebugAndroidTestBuildConfig
> Task :app:generateDebugAndroidTestResources
> Task :app:packageDebugAndroidTestResources
> Task :app:processDebugAndroidTestNavigationResources
> Task :app:generateDebugAndroidTestAssets UP-TO-DATE
> Task :app:javaPreCompileDebugAndroidTest
> Task :app:parseDebugAndroidTestLocalResources
> Task :app:mergeDebugAndroidTestAssets
> Task :app:compressDebugAndroidTestAssets
> Task :app:desugarDebugAndroidTestFileDependencies
> Task :app:generateDebugAndroidTestRFile
> Task :app:checkDebugAndroidTestAarMetadata
> Task :app:compileDebugAndroidTestNavigationResources
> Task :app:mapDebugAndroidTestSourceSetPaths
> Task :app:checkDebugAndroidTestDuplicateClasses
> Task :app:mergeDebugAndroidTestJniLibFolders
> Task :app:mergeDebugAndroidTestResources
> Task :app:mergeLibDexDebugAndroidTest
> Task :app:mergeDebugAndroidTestNativeLibs NO-SOURCE
> Task :app:stripDebugAndroidTestDebugSymbols NO-SOURCE
> Task :app:validateSigningDebugAndroidTest
> Task :app:writeDebugAndroidTestSigningConfigVersions
> Task :app:mergeExtDexDebugAndroidTest
> Task :app:processDebugAndroidTestResources
> Task :app:kspDebugKotlin
> Task :app:compileDebugKotlin
> Task :app:compileDebugJavaWithJavac
> Task :app:processDebugJavaRes UP-TO-DATE
> Task :app:bundleDebugClassesToRuntimeJar
> Task :app:bundleDebugClassesToCompileJar
> Task :app:generateDebugLintReportModel
> Task :app:generateDebugAndroidTestLintModel
> Task :app:generateDebugUnitTestLintModel
> Task :app:dexBuilderDebug
> Task :app:mergeDebugGlobalSynthetics UP-TO-DATE
> Task :app:mergeDebugJavaResource UP-TO-DATE
> Task :app:mergeProjectDexDebug
> Task :app:kspDebugUnitTestKotlin
> Task :app:packageDebug
> Task :app:createDebugApkListingFileRedirect UP-TO-DATE
> Task :app:assembleDebug
> Task :app:kspDebugAndroidTestKotlin
> Task :app:compileDebugUnitTestKotlin
> Task :app:compileDebugUnitTestJavaWithJavac NO-SOURCE
> Task :app:processDebugUnitTestJavaRes
> Task :app:testDebugUnitTest
> Task :app:compileDebugAndroidTestKotlin
> Task :app:compileDebugAndroidTestJavaWithJavac
> Task :app:dexBuilderDebugAndroidTest
> Task :app:processDebugAndroidTestJavaRes
> Task :app:mergeDebugAndroidTestGlobalSynthetics
> Task :app:mergeProjectDexDebugAndroidTest
> Task :app:mergeDebugAndroidTestJavaResource
> Task :app:packageDebugAndroidTest
> Task :app:createDebugAndroidTestApkListingFileRedirect
> Task :app:lintAnalyzeDebugUnitTest
> Task :app:lintAnalyzeDebugAndroidTest
> Task :app:lintAnalyzeDebug
> Task :app:connectedDebugAndroidTest

Starting 11 tests on bkk_api26(AVD) - 8.0.0
Starting 11 tests on medium_phone(AVD) - 16
bkk_api26(AVD) - 8.0.0 Tests 7/11 completed. (0 skipped) (0 failed)
medium_phone(AVD) - 16 Tests 6/11 completed. (0 skipped) (0 failed)
bkk_api26(AVD) - 8.0.0 Tests 9/11 completed. (0 skipped) (0 failed)
medium_phone(AVD) - 16 Tests 7/11 completed. (0 skipped) (0 failed)
Finished 11 tests on bkk_api26(AVD) - 8.0.0
medium_phone(AVD) - 16 Tests 9/11 completed. (0 skipped) (0 failed)
medium_phone(AVD) - 16 Tests 11/11 completed. (0 skipped) (0 failed)
Finished 11 tests on medium_phone(AVD) - 16

> Task :app:lintReportDebug
Wrote HTML report to file:///private/tmp/bkk-android-build-20261001/app/reports/lint-results-debug.html

> Task :app:lintDebug

[Incubating] Problems report is available at: file:///private/tmp/bkk-android-build-20261001/root/reports/problems/problems-report.html

Deprecated Gradle features were used in this build, making it incompatible with Gradle 10.

You can use '--warning-mode all' to show the individual deprecation warnings and determine if they come from your own scripts or plugins.

For more on this, please refer to https://docs.gradle.org/9.6.1/userguide/command_line_interface.html#sec:command_line_warnings in the Gradle documentation.

BUILD SUCCESSFUL in 1m 51s
88 actionable tasks: 56 executed, 32 up-to-date
Consider enabling configuration cache to speed up this build: https://docs.gradle.org/9.6.1/userguide/configuration_cache_enabling.html
