No syntax errors detected in services/web/app/auth.php
No syntax errors detected in services/web/app/password_reset.php
No syntax errors detected in services/web/app/mail.php
No syntax errors detected in services/web/app/bootstrap.php
No syntax errors detected in services/web/app/config.php
No syntax errors detected in services/web/app/rate_limit.php
No syntax errors detected in services/web/app/data.php
No syntax errors detected in services/web/app/admin_actions.php
No syntax errors detected in services/web/app/api.php
No syntax errors detected in services/web/app/repository.php
No syntax errors detected in services/web/public/info.php
No syntax errors detected in services/web/public/login.php
No syntax errors detected in services/web/public/actions.php
No syntax errors detected in services/web/public/discounts.php
No syntax errors detected in services/web/public/index.php
No syntax errors detected in services/web/public/register.php
No syntax errors detected in services/web/public/new-password.php
No syntax errors detected in services/web/public/admin/discounts.php
No syntax errors detected in services/web/public/admin/index.php
No syntax errors detected in services/web/public/admin/services.php
No syntax errors detected in services/web/public/admin/audit.php
No syntax errors detected in services/web/public/admin/events.php
No syntax errors detected in services/web/public/admin/_sidebar.php
No syntax errors detected in services/web/public/admin/messages.php
No syntax errors detected in services/web/public/events.php
No syntax errors detected in services/web/public/contact.php
No syntax errors detected in services/web/public/reset-password.php
No syntax errors detected in services/web/public/profile.php
No syntax errors detected in services/web/public/api/v1/index.php
No syntax errors detected in services/web/public/router.php
No syntax errors detected in services/web/public/partials/header.php
No syntax errors detected in services/web/public/partials/footer.php
No syntax errors detected in services/web/bin/purge-resolved-contact-messages.php
No syntax errors detected in services/web/bin/create-admin.php
No syntax errors detected in services/web/tests/mail-configuration.php
